exports[`test Blog component test 1`] = `
<div>
  <div
    className="content static blog">
    <h1
      className="skeleton">
      Blog Content
    </h1>
  </div>
</div>
`;
