exports[`test Loader component test 1`] = `
<div
  className="page-loader">
  <div
    className="spinner-holder">
    <div
      className="icon-spinner" />
  </div>
</div>
`;
